// Jest Snapshot v1, https://goo.gl/fbAQLP

exports[`[4] Matches snapshot from 9.17.22 1`] = `
<main
  className="all-pokemon"
>
  <div>
    This is a mocked SinglePokemon Component
  </div>
  <div>
    This is a mocked SinglePokemon Component
  </div>
  <div>
    This is a mocked SinglePokemon Component
  </div>
</main>
`;
