// Jest Snapshot v1, https://goo.gl/fbAQLP

exports[`[3] Matches snapshot from 9.18.22 1`] = `
<div
  className="App"
>
  <header>
    <h1
      className="header-item header-h1"
    >
      Pokemon 151 Project
    </h1>
    <section
      className="darkmode-shiny-dropdown"
    >
      <menu
        className="darkmode-shiny-section"
      >
        <div
          className="darkmode-section"
        >
          <div
            className="logo"
            data-testid="logo"
          />
        </div>
        <div
          className="vertical-line"
        />
      </menu>
    </section>
    <section
      className="adam-info header-item"
    >
      <h2>
        Author: Adam Hinton
      </h2>
    </section>
  </header>
  <h1>
    Adam Hinton
  </h1>
  <div>
    This is a mocked AllPokemon Component
  </div>
</div>
`;
