// Jest Snapshot v1, https://goo.gl/fbAQLP

exports[`[3] Matches snapshot from 9.16.22 --- this is before styling has been added 1`] = `
<article
  className="sc-bczRLJ qcpOQ"
  data-testid="pokemon-card"
>
  <h2
    className="poke-name card-item"
  >
    Testname123
     
    <span
      className="dex-id"
    >
      #
      1
    </span>
  </h2>
  <h3
    className="poke-type card-item"
  >
    TestType1
     / 
    TestType2
     
  </h3>
  <h4
    className="height-weight card-item"
  >
    Height: 
    0.0001m
     
    <br />
    Weight: 
    0.0001kg
  </h4>
  <figure
    className="img-container card-item"
  >
    <img
      alt="Testname123"
      className="poke-img"
      data-testid="shiny"
      src="https://www.serebii.net/Shiny/SWSH/001.png"
    />
  </figure>
  <blockquote
    className="card-item"
  >
    This is a test dex entry
  </blockquote>
</article>
`;
